// Jest Snapshot v1, https://goo.gl/fbAQLP

exports[`Dashboard component dashboard component matches the snapshot 1`] = `
<div>
  <div
    class="display panel"
  >
    <div
      class="led green-led"
    >
      Unlocked
    </div>
    <div
      class="led green-led"
    >
      Open
    </div>
  </div>
  <div
    class="controls panel"
  >
    <button
      class="toggle-btn"
      disabled=""
    >
      Lock Gate
    </button>
    <button
      class="toggle-btn"
    >
      Close Gate
    </button>
  </div>
</div>
`;

exports[`Dashboard component display and controls dashboard component matches the snapshot 1`] = `
<div>
  <div
    class="display panel"
  >
    <div
      class="led green-led"
    >
      Unlocked
    </div>
    <div
      class="led green-led"
    >
      Open
    </div>
  </div>
  <div
    class="controls panel"
  >
    <button
      class="toggle-btn"
      disabled=""
    >
      Lock Gate
    </button>
    <button
      class="toggle-btn"
    >
      Close Gate
    </button>
  </div>
</div>
`;

exports[`Dashboard component displays the dashboard component 1`] = `
<div>
  <div
    class="display panel"
  >
    <div
      class="led green-led"
    >
      Unlocked
    </div>
    <div
      class="led green-led"
    >
      Open
    </div>
  </div>
  <div
    class="controls panel"
  >
    <button
      class="toggle-btn"
      disabled=""
    >
      Lock Gate
    </button>
    <button
      class="toggle-btn"
    >
      Close Gate
    </button>
  </div>
</div>
`;
