// Jest Snapshot v1, https://goo.gl/fbAQLP

exports[`Controls component display component matches the snapshot 1`] = `
<div>
  <div
    class="controls panel"
  >
    <button
      class="toggle-btn"
      disabled=""
    >
      Lock Gate
    </button>
    <button
      class="toggle-btn"
    >
      Close Gate
    </button>
  </div>
</div>
`;

exports[`Display component display component matches the snapshot 1`] = `
<div>
  <div
    class="controls panel"
  >
    <button
      class="toggle-btn"
      disabled=""
    >
      Lock Gate
    </button>
    <button
      class="toggle-btn"
    >
      Close Gate
    </button>
  </div>
</div>
`;
